ArrayIndexOutOfBoundException: Index 10 out of bounds for length 100
