ID(some) ID(code) ID(some) ID(code) ID(more) ID(code)