ID(a) <UNEXPECTED(>)> ID(b) ID(c) <UNEXPECTED(/)> ID(d)