CLASS ID(A) EXTENDS RUNTIME_EXCEPTION LBRACKET RBRACKET CLASS ID(B) EXTENDS ID(A) LBRACKET RBRACKET CLASS ID(C) LBRACKET RBRACKET CLASS ID(D) EXTENDS ID(C) LBRACKET RBRACKET