PUBLIC CLASS ID(SimpleClass) LBRACKET PUBLIC STATIC VOID MAIN LPAREN STRING ID(args) LBRACKET_SQUARE RBRACKET_SQUARE RPAREN LBRACKET PRINT LPAREN DIGIT(15) PLUS DIGIT(7) MINUS DIGIT(2) TIMES ID(args) DOT LENGTH RPAREN SEMICOLON RBRACKET RBRACKET