ID(a) BECOMES ID(b) PLUS ID(c) SEMICOLON PRINTLN LPAREN ID(a) RPAREN SEMICOLON