TRY LBRACKET ID(a) PLUS ID(b) SEMICOLON RBRACKET CATCH LPAREN RUNTIME_EXCEPTION ID(exc) RPAREN LBRACKET ID(a) MINUS ID(b) SEMICOLON RBRACKET TRY LBRACKET ID(a) PLUS ID(b) SEMICOLON RBRACKET CATCH LPAREN ID(Test) ID(exc) RPAREN LBRACKET ID(a) MINUS ID(b) SEMICOLON RBRACKET